type: object
properties:
    id: { type: integer }
    status: { type: object }
    user_id: { type: integer }
    title: { type: string }
    settings: { type: array, nullable: true, items: {  } }
    body: { type: string }
    created_at: { type: string, nullable: true, format: date-time }
    updated_at: { type: string, nullable: true, format: date-time }
    parent: { $ref: '#/components/schemas/SamplePostModel' }
    children: { type: array, items: { $ref: '#/components/schemas/SamplePostModel' } }
    user: { $ref: '#/components/schemas/SampleUserModel' }
required:
    - id
    - status
    - user_id
    - title
    - settings
    - body
    - created_at
    - updated_at
