type: object
properties:
    id: { type: integer }
    children: { type: array, items: { $ref: '#/components/schemas/SamplePostModelWithToArray' } }
    read_time: { type: string }
    user: { $ref: '#/components/schemas/SampleUserModel' }
    created_at: { type: string, nullable: true, format: date-time }
required:
    - id
    - children
    - read_time
    - user
    - created_at
