type: object
properties:
    foo: { type: integer, enum: [1] }
    bar: { type: string, nullable: true, enum: [b] }
required:
    - bar
